// Jest Snapshot v1, https://goo.gl/fbAQLP

exports[`Unit test en Table debe de renderizar el componente correctamente  1`] = `
<div>
  <div class="row text-center h-100 table-align">
    <div class="col-md-3 text-center">
      <div class="card card-block d-flex" style="width: 18rem; height: 10rem;">
        <div class="card-body align-items-center d-flex justify-content-center">
          <!--v-if--><button class="btn btn-outline-light" data-toggle="modal" data-target="#newGameModal">Start new</button>
          <!--v-if-->
        </div>
      </div>
    </div>
  </div>
  <div class="row"></div>
  <div>
    <form id="modal">
      <div class="modal fade show d-block" tabindex="-1" role="dialog">
        <div class="modal-dialog" role="document">
          <div class="modal-content">
            <div class="modal-header">
              <h5 class="modal-title">Choose a name and issue</h5>
            </div>
            <div class="modal-body">
              <!--v-if-->
              <div class="form-group"><label for="issue-number" class="col-form-label">Issue Number</label><input type="number" class="form-control" id="issue-number" required=""></div>
              <div class="form-group"><label for="player-name" class="col-form-label">Player Name</label><input type="text" class="form-control" id="player-name" required=""></div>
            </div>
            <div class="modal-footer"><button type="button" class="btn btn-primary">Start</button></div>
          </div>
        </div>
      </div>
      <div class="modal-backdrop fade show"></div>
    </form>
  </div>
</div>
`;
